Script started on Sat 07 Nov 2015 11:51:01 PM EST
[?1034hbash-4.1$ uname -a
Linux zeus-0 2.6.32-573.7.1.el6.centos.plus.x86_64 #1 SMP Wed Sep 23 03:02:55 UTC 2015 x86_64 x86_64 x86_64 GNU/Linux
bash-4.1$ pwd
/home/tnguy138/Project2_tnguy138_209
bash-4.1$ ls -ll
total 6
-rw-rw-r-- 1 tnguy138 itestudent 1998 Nov  7 23:36 link.c
-rw-rw-r-- 1 tnguy138 itestudent  776 Nov  7 22:39 link.h
-rw-rw-r-- 1 tnguy138 itestudent  114 Nov  7 21:42 Makefile
-rw-rw-r-- 1 tnguy138 itestudent    0 Nov  7 23:51 Project2_typescript_tnguy138_209
-rw-rw-r-- 1 tnguy138 itestudent 2350 Nov  7 23:47 RadixSort.c
bash-4.1$ make
gcc -o RadixSort RadixSort.c link.c  -Wall -g -O0
bash-4.1$ RadixSort 150 150 100 10000
Sorted sequence:
       229        238        373        381        452        503        509        603 
       632        646        864        918       1044       1120       1184       1316 
      1394       1504       1525       1658       1739       1784       1952       1964 
      2001       2113       2113       2157       2224       2250       2311       2381 
      2390       2504       2507       2625       2670       2705       2705       2734 
      2754       2864       2886       2905       2987       3034       3154       3403 
      3417       3432       3471       3598       3754       3780       3830       3933 
      3945       3977       3992       4041       4186       4371       4418       4521 
      4546       4562       4580       4625       4718       4923       4964       4989 
      5029       5285       5304       5445       5493       5567       5767       5847 
      5866       5934       5953       5964       6012       6073       6108       6158 
      6192       6220       6235       6316       6508       6571       6613       6632 
      6761       6808       6829       7068       7113       7205       7213       7237 
      7289       7298       7393       7418       7498       7507       7517       7599 
      7894       7908       7939       7951       8010       8142       8227       8299 
      8334       8341       8369       8406       8471       8516       8631       8692 
      8693       8714       8753       8798       8811       8885       8893       8914 
      8916       8921       9115       9215       9319       9414       9468       9492 
      9636       9638       9680       9727       9820       9956 
bash-4.1$ RadixSort 150 150 100 10000[1@v[1@a[1@l[1@i[1P[1@f[1P[1@g[1@r[1@i[1@n[1@d[1@ [1@-[1@-[1@l[1@e[1@a[1@k[1@-[1@c[1@h[1@e[1@c[1@k[1@=[1@y[1@e[1@s[1@ 
==9006== Memcheck, a memory error detector
==9006== Copyright (C) 2002-2012, and GNU GPL'd, by Julian Seward et al.
==9006== Using Valgrind-3.8.1 and LibVEX; rerun with -h for copyright info
==9006== Command: RadixSort 150 150 100 10000
==9006== 
Sorted sequence:
       229        238        373        381        452        503        509        603 
       632        646        864        918       1044       1120       1184       1316 
      1394       1504       1525       1658       1739       1784       1952       1964 
      2001       2113       2113       2157       2224       2250       2311       2381 
      2390       2504       2507       2625       2670       2705       2705       2734 
      2754       2864       2886       2905       2987       3034       3154       3403 
      3417       3432       3471       3598       3754       3780       3830       3933 
      3945       3977       3992       4041       4186       4371       4418       4521 
      4546       4562       4580       4625       4718       4923       4964       4989 
      5029       5285       5304       5445       5493       5567       5767       5847 
      5866       5934       5953       5964       6012       6073       6108       6158 
      6192       6220       6235       6316       6508       6571       6613       6632 
      6761       6808       6829       7068       7113       7205       7213       7237 
      7289       7298       7393       7418       7498       7507       7517       7599 
      7894       7908       7939       7951       8010       8142       8227       8299 
      8334       8341       8369       8406       8471       8516       8631       8692 
      8693       8714       8753       8798       8811       8885       8893       8914 
      8916       8921       9115       9215       9319       9414       9468       9492 
      9636       9638       9680       9727       9820       9956 
==9006== 
==9006== HEAP SUMMARY:
==9006==     in use at exit: 12,656 bytes in 791 blocks
==9006==   total heap usage: 961 allocs, 170 frees, 15,376 bytes allocated
==9006== 
==9006== 320 (160 direct, 160 indirect) bytes in 10 blocks are definitely lost in loss record 1 of 5
==9006==    at 0x4A06A2E: malloc (vg_replace_malloc.c:270)
==9006==    by 0x400A5D: newList (link.c:7)
==9006==    by 0x40082A: main (RadixSort.c:41)
==9006== 
==9006== 976 (496 direct, 480 indirect) bytes in 31 blocks are definitely lost in loss record 3 of 5
==9006==    at 0x4A06A2E: malloc (vg_replace_malloc.c:270)
==9006==    by 0x400A5D: newList (link.c:7)
==9006==    by 0x4009B3: main (RadixSort.c:78)
==9006== 
==9006== 2,400 bytes in 150 blocks are definitely lost in loss record 4 of 5
==9006==    at 0x4A06A2E: malloc (vg_replace_malloc.c:270)
==9006==    by 0x400B26: insert_tail (link.c:38)
==9006==    by 0x400801: main (RadixSort.c:33)
==9006== 
==9006== 8,960 bytes in 560 blocks are definitely lost in loss record 5 of 5
==9006==    at 0x4A06A2E: malloc (vg_replace_malloc.c:270)
==9006==    by 0x400B26: insert_tail (link.c:38)
==9006==    by 0x4008BE: main (RadixSort.c:55)
==9006== 
==9006== LEAK SUMMARY:
==9006==    definitely lost: 12,016 bytes in 751 blocks
==9006==    indirectly lost: 640 bytes in 40 blocks
==9006==      possibly lost: 0 bytes in 0 blocks
==9006==    still reachable: 0 bytes in 0 blocks
==9006==         suppressed: 0 bytes in 0 blocks
==9006== 
==9006== For counts of detected and suppressed errors, rerun with: -v
==9006== ERROR SUMMARY: 4 errors from 4 contexts (suppressed: 6 from 6)
bash-4.1$ exit

Script done on Sat 07 Nov 2015 11:52:33 PM EST
