Script started on Sun 15 Nov 2015 04:12:34 PM EST
[?1034hbash-4.1$ uname -a
Linux zeus-1 2.6.32-573.7.1.el6.centos.plus.x86_64 #1 SMP Wed Sep 23 03:02:55 UTC 2015 x86_64 x86_64 x86_64 GNU/Linux
bash-4.1$ ls -l
total 3
-rw-rw-r-- 1 tnguy138 itestudent 1660 Nov 15 16:07 lab11.c
-rw-rw-r-- 1 tnguy138 itestudent    0 Nov 15 16:12 Lab11_typescript_tnguy138_209
-rw-rw-r-- 1 tnguy138 itestudent  114 Nov 15 16:08 Makefile
bash-4.1$ cat lab11.c
#include <stdio.h>
#include <stdlib.h>

#define BYTETOBINARYPATTERN "%d%d%d%d%d%d%d%d"
#define BYTETOBINARY(byte)  \
  (byte & 0x80 ? 1 : 0), \
  (byte & 0x40 ? 1 : 0), \
  (byte & 0x20 ? 1 : 0), \
  (byte & 0x10 ? 1 : 0), \
  (byte & 0x08 ? 1 : 0), \
  (byte & 0x04 ? 1 : 0), \
  (byte & 0x02 ? 1 : 0), \
  (byte & 0x01 ? 1 : 0) 

#define PRINTBIN(x) printf(BYTETOBINARYPATTERN, BYTETOBINARY(x));

void print(unsigned char *p);
void setlsbs(unsigned char *p, unsigned char b0)
{
	unsigned char a,b;
	int i;
	for (i = 0 ; i < 8 ; i++)
	{ a = b0 >> i;
	  a= a << 7; a=a>>7;
	  b=  p[i] >> 1; b = b << 1; 
	  p[i] = b | a;
	}
}

unsigned char getlsbs (unsigned char *p)
{
	unsigned char a =0;
	unsigned char b;
	int i; 
	for (i = 0; i<8; i++)
	{ 
	  b = p[i];
	  b = b<<7; b= b>>7;
	  b = b<<i;
	  a = a|b;
	}
	return a;
}	
int main(int argc, char *argv[])
{
	if (argc != 2)
	{ printf("You have entered an invalid command line. \n");
	  exit(1);
	}
	
	int seed, i; 
	unsigned char p[8];
	seed = atoi(argv[1]);
	srandom(seed);
	printf("array p\n");	
	for(i=0 ; i<8 ; i++)
	{ p[i]= (unsigned char)random()% 256;
	  printf("%d \n ", p[i]); 	
	  PRINTBIN(p[i]);
	  printf("\n");
	}

	unsigned char byte0;
	byte0 = (unsigned char)random()% 256;
	printf("byte0 is %d \n", byte0);  
        PRINTBIN(byte0);
	printf("\n\n");
	
	setlsbs(p,byte0);
	printf("After set lsbs, the modified array p is:\n");
	print(p);
	unsigned char c = getlsbs(p);
	printf("\nreturn value of getlsbs is %d  " , c);
	PRINTBIN(c);
	printf("\n");
	return 0;
}


void print (unsigned char *p)
{
	int i=0;
 for (i =0; i< 8; i++)
  {
	printf("%d \n", p[i]);
	PRINTBIN(p[i]);  printf("\n");
  }
} 
bash-4.1$ cat Makefile 
CFLAGS=-Wall -g
Lab11_tnguy138_209:
	gcc -o Lab11_tnguy138_209 lab11.c  $(CFLAGS)
clean:
	rm  Lab11_tnguy138_209

bash-4.1$ make
gcc -o Lab11_tnguy138_209 lab11.c  -Wall -g
bash-4.1$ Lab11_tnguy138_209 101
array p
10 
 00001010
235 
 11101011
25 
 00011001
37 
 00100101
46 
 00101110
232 
 11101000
156 
 10011100
144 
 10010000
byte0 is 236 
11101100

After set lsbs, the modified array p is:
10 
00001010
234 
11101010
25 
00011001
37 
00100101
46 
00101110
233 
11101001
157 
10011101
145 
10010001

return value of getlsbs is 236  11101100
bash-4.1$ Lab11_tnguy138_209 101[K[K[K2001
array p
124 
 01111100
120 
 01111000
163 
 10100011
165 
 10100101
33 
 00100001
215 
 11010111
77 
 01001101
199 
 11000111
byte0 is 78 
01001110

After set lsbs, the modified array p is:
124 
01111100
121 
01111001
163 
10100011
165 
10100101
32 
00100000
214 
11010110
77 
01001101
198 
11000110

return value of getlsbs is 78  01001110
bash-4.1$ Lab11_tnguy138_209 2001[K[K[K[K403
array p
102 
 01100110
10 
 00001010
214 
 11010110
86 
 01010110
31 
 00011111
107 
 01101011
188 
 10111100
42 
 00101010
byte0 is 204 
11001100

After set lsbs, the modified array p is:
102 
01100110
10 
00001010
215 
11010111
87 
01010111
30 
00011110
106 
01101010
189 
10111101
43 
00101011

return value of getlsbs is 204  11001100
bash-4.1$ Lab11_tnguy138_209 403[K[K[K1000004
array p
226 
 11100010
174 
 10101110
144 
 10010000
82 
 01010010
176 
 10110000
192 
 11000000
207 
 11001111
215 
 11010111
byte0 is 30 
00011110

After set lsbs, the modified array p is:
226 
11100010
175 
10101111
145 
10010001
83 
01010011
177 
10110001
192 
11000000
206 
11001110
214 
11010110

return value of getlsbs is 30  00011110
bash-4.1$ Lab11_tnguy138_209 1000004[K[K[K[K[K[K[K12
array p
208 
 11010000
146 
 10010010
178 
 10110010
192 
 11000000
59 
 00111011
247 
 11110111
133 
 10000101
153 
 10011001
byte0 is 129 
10000001

After set lsbs, the modified array p is:
209 
11010001
146 
10010010
178 
10110010
192 
11000000
58 
00111010
246 
11110110
132 
10000100
153 
10011001

return value of getlsbs is 129  10000001
bash-4.1$ Lab11_tnguy138_209 12[K[K1234
array p
14 
 00001110
131 
 10000011
11 
 00001011
115 
 01110011
236 
 11101100
245 
 11110101
75 
 01001011
74 
 01001010
byte0 is 116 
01110100

After set lsbs, the modified array p is:
14 
00001110
130 
10000010
11 
00001011
114 
01110010
237 
11101101
245 
11110101
75 
01001011
74 
01001010

return value of getlsbs is 116  01110100
bash-4.1$ Lab11_tnguy138_209 1234[K[K[K[K943
array p
231 
 11100111
82 
 01010010
208 
 11010000
37 
 00100101
238 
 11101110
28 
 00011100
90 
 01011010
193 
 11000001
byte0 is 204 
11001100

After set lsbs, the modified array p is:
230 
11100110
82 
01010010
209 
11010001
37 
00100101
238 
11101110
28 
00011100
91 
01011011
193 
11000001

return value of getlsbs is 204  11001100
bash-4.1$ Lab11_tnguy138_209 943[K[K[K12304
array p
21 
 00010101
227 
 11100011
169 
 10101001
147 
 10010011
63 
 00111111
79 
 01001111
225 
 11100001
20 
 00010100
byte0 is 53 
00110101

After set lsbs, the modified array p is:
21 
00010101
226 
11100010
169 
10101001
146 
10010010
63 
00111111
79 
01001111
224 
11100000
20 
00010100

return value of getlsbs is 53  00110101
bash-4.1$ Lab11_tnguy138_209 12304[K[K[K[K[K43556
array p
160 
 10100000
92 
 01011100
215 
 11010111
20 
 00010100
57 
 00111001
15 
 00001111
119 
 01110111
108 
 01101100
byte0 is 223 
11011111

After set lsbs, the modified array p is:
161 
10100001
93 
01011101
215 
11010111
21 
00010101
57 
00111001
14 
00001110
119 
01110111
109 
01101101

return value of getlsbs is 223  11011111
bash-4.1$ Lab11_tnguy138_209 43556[K[K[K[K[K1000223
array p
16 
 00010000
117 
 01110101
114 
 01110010
30 
 00011110
127 
 01111111
171 
 10101011
179 
 10110011
6 
 00000110
byte0 is 235 
11101011

After set lsbs, the modified array p is:
17 
00010001
117 
01110101
114 
01110010
31 
00011111
126 
01111110
171 
10101011
179 
10110011
7 
00000111

return value of getlsbs is 235  11101011
bash-4.1$ Lab11_tnguy138_209 1000223[K[K[K[K[K[K1234
array p
249 
 11111001
176 
 10110000
71 
 01000111
130 
 10000010
0 
 00000000
155 
 10011011
128 
 10000000
5 
 00000101
byte0 is 81 
01010001

After set lsbs, the modified array p is:
249 
11111001
176 
10110000
70 
01000110
130 
10000010
1 
00000001
154 
10011010
129 
10000001
4 
00000100

return value of getlsbs is 81  01010001
bash-4.1$ exit

Script done on Sun 15 Nov 2015 04:17:10 PM EST
